// Jest Snapshot v1, https://goo.gl/fbAQLP

exports[`GenreQuestionScreen should render correctly 1`] = `
<section
  className="game game--genre"
>
  <header
    className="game__header"
  >
    <a
      className="game__back"
      href="#"
    >
      <span
        className="visually-hidden"
      >
        Сыграть ещё раз
      </span>
      <img
        alt="Угадай мелодию"
        className="game__logo"
        src="img/melody-logo-ginger.png"
      />
    </a>
    <svg
      className="timer"
      viewBox="0 0 780 780"
      xmlns="http://www.w3.org/2000/svg"
    >
      <circle
        className="timer__line"
        cx="390"
        cy="390"
        r="370"
        style={
          Object {
            "filter": "url(#blur)",
            "transform": "rotate(-90deg) scaleY(-1)",
            "transformOrigin": "center",
          }
        }
      />
    </svg>
    <div
      className="game__mistakes"
    >
      <div
        className="wrong"
      />
      <div
        className="wrong"
      />
      <div
        className="wrong"
      />
    </div>
  </header>
  <section
    className="game__screen"
  >
    <h2
      className="game__title"
    >
      Выберите музыку диксиленд
    </h2>
    <form
      className="game__tracks"
    >
      <div
        className="track"
      >
        <button
          className="track__button track__button--play"
          type="button"
        />
        <div
          className="track__status"
        >
          <audio />
        </div>
        <div
          className="game__answer"
        >
          <input
            className="game__input visually-hidden"
            id="bebop"
            name="answer"
            type="checkbox"
            value="bebop"
          />
          <label
            className="game__check"
            htmlFor="bebop"
          >
            Отметить
          </label>
        </div>
      </div>
      <div
        className="track"
      >
        <button
          className="track__button track__button--play"
          type="button"
        />
        <div
          className="track__status"
        >
          <audio />
        </div>
        <div
          className="game__answer"
        >
          <input
            className="game__input visually-hidden"
            id="dixieland"
            name="answer"
            type="checkbox"
            value="dixieland"
          />
          <label
            className="game__check"
            htmlFor="dixieland"
          >
            Отметить
          </label>
        </div>
      </div>
      <div
        className="track"
      >
        <button
          className="track__button track__button--play"
          type="button"
        />
        <div
          className="track__status"
        >
          <audio />
        </div>
        <div
          className="game__answer"
        >
          <input
            className="game__input visually-hidden"
            id="free-jazz"
            name="answer"
            type="checkbox"
            value="free-jazz"
          />
          <label
            className="game__check"
            htmlFor="free-jazz"
          >
            Отметить
          </label>
        </div>
      </div>
      <div
        className="track"
      >
        <button
          className="track__button track__button--play"
          type="button"
        />
        <div
          className="track__status"
        >
          <audio />
        </div>
        <div
          className="game__answer"
        >
          <input
            className="game__input visually-hidden"
            id="funk"
            name="answer"
            type="checkbox"
            value="funk"
          />
          <label
            className="game__check"
            htmlFor="funk"
          >
            Отметить
          </label>
        </div>
      </div>
      <button
        className="game__submit button"
        type="submit"
      >
        Ответить
      </button>
    </form>
  </section>
</section>
`;
